// Jest Snapshot v1, https://goo.gl/fbAQLP

exports[`can present google error message from metadata 1`] = `
"[
  {
    \\"errors\\": [
      {
        \\"errorCode\\": {
          \\"requestError\\": \\"RESOURCE_NAME_MALFORMED\\"
        },
        \\"message\\": \\"Resource name 'invalid' is malformed: expected 'customers/{customer_id}/campaigns/{part_1}'.\\",
        \\"location\\": {
          \\"fieldPathElements\\": [
            {
              \\"fieldName\\": \\"mutate_operations\\",
              \\"index\\": {
                \\"value\\": \\"2\\"
              }
            },
            {
              \\"fieldName\\": \\"ad_group_operation\\"
            },
            {
              \\"fieldName\\": \\"create\\"
            },
            {
              \\"fieldName\\": \\"campaign\\"
            }
          ]
        }
      },
      {
        \\"errorCode\\": {
          \\"newResourceCreationError\\": \\"TEMP_ID_RESOURCE_HAD_ERRORS\\"
        },
        \\"message\\": \\"Parent resource with specified temp ID failed validation, so no validation will be done for this child resource.\\",
        \\"trigger\\": {
          \\"int64Value\\": \\"-4\\"
        },
        \\"location\\": {
          \\"fieldPathElements\\": [
            {
              \\"fieldName\\": \\"mutate_operations\\",
              \\"index\\": {
                \\"value\\": \\"3\\"
              }
            }
          ]
        }
      },
      {
        \\"errorCode\\": {
          \\"newResourceCreationError\\": \\"TEMP_ID_RESOURCE_HAD_ERRORS\\"
        },
        \\"message\\": \\"Parent resource with specified temp ID failed validation, so no validation will be done for this child resource.\\",
        \\"trigger\\": {
          \\"int64Value\\": \\"-4\\"
        },
        \\"location\\": {
          \\"fieldPathElements\\": [
            {
              \\"fieldName\\": \\"mutate_operations\\",
              \\"index\\": {
                \\"value\\": \\"4\\"
              }
            }
          ]
        }
      },
      {
        \\"errorCode\\": {
          \\"newResourceCreationError\\": \\"TEMP_ID_RESOURCE_HAD_ERRORS\\"
        },
        \\"message\\": \\"Parent resource with specified temp ID failed validation, so no validation will be done for this child resource.\\",
        \\"trigger\\": {
          \\"int64Value\\": \\"-4\\"
        },
        \\"location\\": {
          \\"fieldPathElements\\": [
            {
              \\"fieldName\\": \\"mutate_operations\\",
              \\"index\\": {
                \\"value\\": \\"5\\"
              }
            }
          ]
        }
      },
      {
        \\"errorCode\\": {
          \\"newResourceCreationError\\": \\"TEMP_ID_RESOURCE_HAD_ERRORS\\"
        },
        \\"message\\": \\"Parent resource with specified temp ID failed validation, so no validation will be done for this child resource.\\",
        \\"trigger\\": {
          \\"int64Value\\": \\"-4\\"
        },
        \\"location\\": {
          \\"fieldPathElements\\": [
            {
              \\"fieldName\\": \\"mutate_operations\\",
              \\"index\\": {
                \\"value\\": \\"6\\"
              }
            }
          ]
        }
      },
      {
        \\"errorCode\\": {
          \\"newResourceCreationError\\": \\"TEMP_ID_RESOURCE_HAD_ERRORS\\"
        },
        \\"message\\": \\"Parent resource with specified temp ID failed validation, so no validation will be done for this child resource.\\",
        \\"trigger\\": {
          \\"int64Value\\": \\"-4\\"
        },
        \\"location\\": {
          \\"fieldPathElements\\": [
            {
              \\"fieldName\\": \\"mutate_operations\\",
              \\"index\\": {
                \\"value\\": \\"7\\"
              }
            }
          ]
        }
      },
      {
        \\"errorCode\\": {
          \\"newResourceCreationError\\": \\"TEMP_ID_RESOURCE_HAD_ERRORS\\"
        },
        \\"message\\": \\"Parent resource with specified temp ID failed validation, so no validation will be done for this child resource.\\",
        \\"trigger\\": {
          \\"int64Value\\": \\"-4\\"
        },
        \\"location\\": {
          \\"fieldPathElements\\": [
            {
              \\"fieldName\\": \\"mutate_operations\\",
              \\"index\\": {
                \\"value\\": \\"8\\"
              }
            }
          ]
        }
      },
      {
        \\"errorCode\\": {
          \\"newResourceCreationError\\": \\"TEMP_ID_RESOURCE_HAD_ERRORS\\"
        },
        \\"message\\": \\"Parent resource with specified temp ID failed validation, so no validation will be done for this child resource.\\",
        \\"trigger\\": {
          \\"int64Value\\": \\"-4\\"
        },
        \\"location\\": {
          \\"fieldPathElements\\": [
            {
              \\"fieldName\\": \\"mutate_operations\\",
              \\"index\\": {
                \\"value\\": \\"9\\"
              }
            }
          ]
        }
      },
      {
        \\"errorCode\\": {
          \\"newResourceCreationError\\": \\"TEMP_ID_RESOURCE_HAD_ERRORS\\"
        },
        \\"message\\": \\"Parent resource with specified temp ID failed validation, so no validation will be done for this child resource.\\",
        \\"trigger\\": {
          \\"int64Value\\": \\"-4\\"
        },
        \\"location\\": {
          \\"fieldPathElements\\": [
            {
              \\"fieldName\\": \\"mutate_operations\\",
              \\"index\\": {
                \\"value\\": \\"10\\"
              }
            }
          ]
        }
      },
      {
        \\"errorCode\\": {
          \\"newResourceCreationError\\": \\"TEMP_ID_RESOURCE_HAD_ERRORS\\"
        },
        \\"message\\": \\"Parent resource with specified temp ID failed validation, so no validation will be done for this child resource.\\",
        \\"trigger\\": {
          \\"int64Value\\": \\"-4\\"
        },
        \\"location\\": {
          \\"fieldPathElements\\": [
            {
              \\"fieldName\\": \\"mutate_operations\\",
              \\"index\\": {
                \\"value\\": \\"11\\"
              }
            }
          ]
        }
      },
      {
        \\"errorCode\\": {
          \\"newResourceCreationError\\": \\"TEMP_ID_RESOURCE_HAD_ERRORS\\"
        },
        \\"message\\": \\"Parent resource with specified temp ID failed validation, so no validation will be done for this child resource.\\",
        \\"trigger\\": {
          \\"int64Value\\": \\"-4\\"
        },
        \\"location\\": {
          \\"fieldPathElements\\": [
            {
              \\"fieldName\\": \\"mutate_operations\\",
              \\"index\\": {
                \\"value\\": \\"12\\"
              }
            }
          ]
        }
      },
      {
        \\"errorCode\\": {
          \\"newResourceCreationError\\": \\"TEMP_ID_RESOURCE_HAD_ERRORS\\"
        },
        \\"message\\": \\"Parent resource with specified temp ID failed validation, so no validation will be done for this child resource.\\",
        \\"trigger\\": {
          \\"int64Value\\": \\"-4\\"
        },
        \\"location\\": {
          \\"fieldPathElements\\": [
            {
              \\"fieldName\\": \\"mutate_operations\\",
              \\"index\\": {
                \\"value\\": \\"13\\"
              }
            }
          ]
        }
      },
      {
        \\"errorCode\\": {
          \\"newResourceCreationError\\": \\"TEMP_ID_RESOURCE_HAD_ERRORS\\"
        },
        \\"message\\": \\"Parent resource with specified temp ID failed validation, so no validation will be done for this child resource.\\",
        \\"trigger\\": {
          \\"int64Value\\": \\"-4\\"
        },
        \\"location\\": {
          \\"fieldPathElements\\": [
            {
              \\"fieldName\\": \\"mutate_operations\\",
              \\"index\\": {
                \\"value\\": \\"14\\"
              }
            }
          ]
        }
      }
    ]
  }
]"
`;
